node_modules/next/dist/build/templates/app-page.d.ts(10,40): error TS2307: Cannot find module 'VAR_MODULE_GLOBAL_ERROR' or its corresponding type declarations.
node_modules/next/dist/build/webpack-config.d.ts(11,104): error TS2694: Namespace '"C:/Users/Admin/Documents/abbyscaterers/node_modules/next/dist/compiled/webpack/webpack".webpack' has no exported member 'RuleSetUseItem'.
node_modules/next/dist/build/webpack/loaders/next-app-loader.d.ts(1,13): error TS2613: Module '"C:/Users/Admin/Documents/abbyscaterers/node_modules/next/dist/compiled/webpack/webpack"' has no default export. Did you mean to use 'import { webpack } from "C:/Users/Admin/Documents/abbyscaterers/node_modules/next/dist/compiled/webpack/webpack"' instead?
node_modules/next/dist/build/webpack/plugins/define-env-plugin.d.ts(26,86): error TS2694: Namespace '"C:/Users/Admin/Documents/abbyscaterers/node_modules/next/dist/compiled/webpack/webpack".webpack' has no exported member 'DefinePlugin'.
node_modules/next/dist/client/components/error-boundary.d.ts(1,8): error TS1259: Module '"C:/Users/Admin/Documents/abbyscaterers/node_modules/@types/react/index"' can only be default-imported using the 'esModuleInterop' flag
node_modules/next/dist/client/components/layout-router.d.ts(3,8): error TS1259: Module '"C:/Users/Admin/Documents/abbyscaterers/node_modules/@types/react/index"' can only be default-imported using the 'esModuleInterop' flag
node_modules/next/dist/client/components/not-found-boundary.d.ts(1,8): error TS1259: Module '"C:/Users/Admin/Documents/abbyscaterers/node_modules/@types/react/index"' can only be default-imported using the 'esModuleInterop' flag
node_modules/next/dist/client/with-router.d.ts(1,8): error TS1259: Module '"C:/Users/Admin/Documents/abbyscaterers/node_modules/@types/react/index"' can only be default-imported using the 'esModuleInterop' flag
node_modules/next/dist/server/app-render/entry-base.d.ts(1,85): error TS2307: Cannot find module 'react-server-dom-webpack/server.edge' or its corresponding type declarations.
node_modules/next/dist/server/render.d.ts(17,8): error TS1259: Module '"C:/Users/Admin/Documents/abbyscaterers/node_modules/@types/react/index"' can only be default-imported using the 'esModuleInterop' flag
node_modules/next/dist/shared/lib/amp-context.shared-runtime.d.ts(1,8): error TS1259: Module '"C:/Users/Admin/Documents/abbyscaterers/node_modules/@types/react/index"' can only be default-imported using the 'esModuleInterop' flag
node_modules/next/dist/shared/lib/app-router-context.shared-runtime.d.ts(4,8): error TS1259: Module '"C:/Users/Admin/Documents/abbyscaterers/node_modules/@types/react/index"' can only be default-imported using the 'esModuleInterop' flag
node_modules/next/dist/shared/lib/head-manager-context.shared-runtime.d.ts(1,8): error TS1259: Module '"C:/Users/Admin/Documents/abbyscaterers/node_modules/@types/react/index"' can only be default-imported using the 'esModuleInterop' flag
node_modules/next/dist/shared/lib/image-config-context.shared-runtime.d.ts(1,8): error TS1259: Module '"C:/Users/Admin/Documents/abbyscaterers/node_modules/@types/react/index"' can only be default-imported using the 'esModuleInterop' flag
node_modules/next/dist/shared/lib/loadable-context.shared-runtime.d.ts(1,8): error TS1259: Module '"C:/Users/Admin/Documents/abbyscaterers/node_modules/@types/react/index"' can only be default-imported using the 'esModuleInterop' flag
node_modules/next/dist/shared/lib/loadable.shared-runtime.d.ts(21,8): error TS1259: Module '"C:/Users/Admin/Documents/abbyscaterers/node_modules/@types/react/index"' can only be default-imported using the 'esModuleInterop' flag
node_modules/next/dist/shared/lib/router-context.shared-runtime.d.ts(1,8): error TS1259: Module '"C:/Users/Admin/Documents/abbyscaterers/node_modules/@types/react/index"' can only be default-imported using the 'esModuleInterop' flag
node_modules/next/dist/shared/lib/server-inserted-html.shared-runtime.d.ts(1,8): error TS1259: Module '"C:/Users/Admin/Documents/abbyscaterers/node_modules/@types/react/index"' can only be default-imported using the 'esModuleInterop' flag
node_modules/next/dist/shared/lib/utils.d.ts(12,13): error TS1192: Module '"fs"' has no default export.
node_modules/next/types/index.d.ts(10,13): error TS1259: Module '"C:/Users/Admin/Documents/abbyscaterers/node_modules/@types/react/index"' can only be default-imported using the 'esModuleInterop' flag
node_modules/react-hook-form/dist/form.d.ts(1,8): error TS1259: Module '"C:/Users/Admin/Documents/abbyscaterers/node_modules/@types/react/index"' can only be default-imported using the 'esModuleInterop' flag
node_modules/react-hook-form/dist/types/controller.d.ts(1,13): error TS1259: Module '"C:/Users/Admin/Documents/abbyscaterers/node_modules/@types/react/index"' can only be default-imported using the 'esModuleInterop' flag
node_modules/react-hook-form/dist/types/form.d.ts(1,13): error TS1259: Module '"C:/Users/Admin/Documents/abbyscaterers/node_modules/@types/react/index"' can only be default-imported using the 'esModuleInterop' flag
node_modules/react-hook-form/dist/useFormContext.d.ts(1,8): error TS1259: Module '"C:/Users/Admin/Documents/abbyscaterers/node_modules/@types/react/index"' can only be default-imported using the 'esModuleInterop' flag
src/components/invoices/invoice-form.tsx(3,8): error TS1259: Module '"C:/Users/Admin/Documents/abbyscaterers/node_modules/@types/react/index"' can only be default-imported using the 'esModuleInterop' flag
src/components/invoices/invoice-form.tsx(8,24): error TS2307: Cannot find module '@/components/ui/button' or its corresponding type declarations.
src/components/invoices/invoice-form.tsx(9,75): error TS2307: Cannot find module '@/components/ui/card' or its corresponding type declarations.
src/components/invoices/invoice-form.tsx(10,23): error TS2307: Cannot find module '@/components/ui/input' or its corresponding type declarations.
src/components/invoices/invoice-form.tsx(11,23): error TS2307: Cannot find module '@/components/ui/label' or its corresponding type declarations.
src/components/invoices/invoice-form.tsx(12,79): error TS2307: Cannot find module '@/components/ui/select' or its corresponding type declarations.
src/components/invoices/invoice-form.tsx(14,26): error TS2307: Cannot find module '@/components/ui/calendar' or its corresponding type declarations.
src/components/invoices/invoice-form.tsx(15,57): error TS2307: Cannot find module '@/components/ui/popover' or its corresponding type declarations.
src/components/invoices/invoice-form.tsx(17,20): error TS2307: Cannot find module '@/lib/utils' or its corresponding type declarations.
src/components/invoices/invoice-form.tsx(18,26): error TS2307: Cannot find module '@/hooks/use-toast' or its corresponding type declarations.
src/components/invoices/invoice-form.tsx(19,34): error TS2307: Cannot find module '@/hooks/use-client-storage' or its corresponding type declarations.
src/components/invoices/invoice-form.tsx(20,43): error TS2307: Cannot find module '@/hooks/use-proforma-invoice-storage' or its corresponding type declarations.
src/components/invoices/invoice-form.tsx(21,35): error TS2307: Cannot find module '@/hooks/use-invoice-storage' or its corresponding type declarations.
src/components/invoices/invoice-form.tsx(22,33): error TS2307: Cannot find module '@/hooks/use-order-storage' or its corresponding type declarations.
src/components/invoices/invoice-form.tsx(23,35): error TS2307: Cannot find module '@/hooks/use-booking-storage' or its corresponding type declarations.
src/components/invoices/invoice-form.tsx(24,63): error TS2307: Cannot find module '@/lib/schemas' or its corresponding type declarations.
src/components/invoices/invoice-form.tsx(25,26): error TS2307: Cannot find module '@/components/ui/textarea' or its corresponding type declarations.
src/components/invoices/invoice-form.tsx(26,26): error TS2307: Cannot find module '@/components/ui/checkbox' or its corresponding type declarations.
src/components/invoices/invoice-form.tsx(27,93): error TS2307: Cannot find module '@/components/ui/command' or its corresponding type declarations.
src/components/invoices/invoice-form.tsx(28,78): error TS2307: Cannot find module '@/components/ui/accordion' or its corresponding type declarations.
src/components/invoices/invoice-form.tsx(29,44): error TS2307: Cannot find module '@/components/ui/radio-group' or its corresponding type declarations.
src/components/invoices/invoice-form.tsx(30,80): error TS2307: Cannot find module '@/components/ui/form' or its corresponding type declarations.
src/components/invoices/invoice-form.tsx(31,37): error TS2307: Cannot find module '@/types' or its corresponding type declarations.
src/components/invoices/invoice-form.tsx(32,53): error TS2307: Cannot find module '@/components/hr/ui/alert' or its corresponding type declarations.
src/components/invoices/invoice-form.tsx(33,112): error TS2307: Cannot find module '@/components/ui/dialog' or its corresponding type declarations.
src/components/invoices/invoice-form.tsx(34,23): error TS2307: Cannot find module '@/components/ui/badge' or its corresponding type declarations.
src/components/invoices/invoice-form.tsx(268,35): error TS2339: Property 'unsubscribe' does not exist on type 'never'.
src/components/invoices/invoice-form.tsx(374,52): error TS2802: Type 'MapIterator<[string, any]>' can only be iterated through when using the '--downlevelIteration' flag or with a '--target' of 'es2015' or higher.
src/components/invoices/invoice-form.tsx(473,53): error TS2802: Type 'MapIterator<[string, any]>' can only be iterated through when using the '--downlevelIteration' flag or with a '--target' of 'es2015' or higher.
src/components/invoices/invoice-form.tsx(549,17): error TS17004: Cannot use JSX unless the '--jsx' flag is provided.
src/components/invoices/invoice-form.tsx(550,21): error TS17004: Cannot use JSX unless the '--jsx' flag is provided.
src/components/invoices/invoice-form.tsx(551,21): error TS17004: Cannot use JSX unless the '--jsx' flag is provided.
src/components/invoices/invoice-form.tsx(552,56): error TS17004: Cannot use JSX unless the '--jsx' flag is provided.
src/components/invoices/invoice-form.tsx(593,9): error TS17004: Cannot use JSX unless the '--jsx' flag is provided.
src/components/invoices/invoice-form.tsx(594,13): error TS17004: Cannot use JSX unless the '--jsx' flag is provided.
src/components/invoices/invoice-form.tsx(595,17): error TS17004: Cannot use JSX unless the '--jsx' flag is provided.
src/components/invoices/invoice-form.tsx(597,17): error TS17004: Cannot use JSX unless the '--jsx' flag is provided.
src/components/invoices/invoice-form.tsx(604,29): error TS17004: Cannot use JSX unless the '--jsx' flag is provided.
src/components/invoices/invoice-form.tsx(612,33): error TS17004: Cannot use JSX unless the '--jsx' flag is provided.
src/components/invoices/invoice-form.tsx(613,37): error TS17004: Cannot use JSX unless the '--jsx' flag is provided.
src/components/invoices/invoice-form.tsx(618,56): error TS17004: Cannot use JSX unless the '--jsx' flag is provided.
src/components/invoices/invoice-form.tsx(618,94): error TS17004: Cannot use JSX unless the '--jsx' flag is provided.
src/components/invoices/invoice-form.tsx(620,37): error TS17004: Cannot use JSX unless the '--jsx' flag is provided.
src/components/invoices/invoice-form.tsx(621,41): error TS17004: Cannot use JSX unless the '--jsx' flag is provided.
src/components/invoices/invoice-form.tsx(622,41): error TS17004: Cannot use JSX unless the '--jsx' flag is provided.
src/components/invoices/invoice-form.tsx(626,37): error TS17004: Cannot use JSX unless the '--jsx' flag is provided.
src/components/invoices/invoice-form.tsx(633,17): error TS17004: Cannot use JSX unless the '--jsx' flag is provided.
src/components/invoices/invoice-form.tsx(634,21): error TS17004: Cannot use JSX unless the '--jsx' flag is provided.
src/components/invoices/invoice-form.tsx(635,25): error TS17004: Cannot use JSX unless the '--jsx' flag is provided.
src/components/invoices/invoice-form.tsx(636,29): error TS17004: Cannot use JSX unless the '--jsx' flag is provided.
src/components/invoices/invoice-form.tsx(637,33): error TS17004: Cannot use JSX unless the '--jsx' flag is provided.
src/components/invoices/invoice-form.tsx(638,37): error TS17004: Cannot use JSX unless the '--jsx' flag is provided.
src/components/invoices/invoice-form.tsx(640,33): error TS17004: Cannot use JSX unless the '--jsx' flag is provided.
src/components/invoices/invoice-form.tsx(641,37): error TS17004: Cannot use JSX unless the '--jsx' flag is provided.
src/components/invoices/invoice-form.tsx(644,37): error TS17004: Cannot use JSX unless the '--jsx' flag is provided.
src/components/invoices/invoice-form.tsx(647,29): error TS17004: Cannot use JSX unless the '--jsx' flag is provided.
src/components/invoices/invoice-form.tsx(653,21): error TS17004: Cannot use JSX unless the '--jsx' flag is provided.
src/components/invoices/invoice-form.tsx(654,25): error TS17004: Cannot use JSX unless the '--jsx' flag is provided.
src/components/invoices/invoice-form.tsx(655,29): error TS17004: Cannot use JSX unless the '--jsx' flag is provided.
src/components/invoices/invoice-form.tsx(656,33): error TS17004: Cannot use JSX unless the '--jsx' flag is provided.
src/components/invoices/invoice-form.tsx(658,41): error TS17004: Cannot use JSX unless the '--jsx' flag is provided.
src/components/invoices/invoice-form.tsx(659,45): error TS17004: Cannot use JSX unless the '--jsx' flag is provided.
src/components/invoices/invoice-form.tsx(660,49): error TS17004: Cannot use JSX unless the '--jsx' flag is provided.
src/components/invoices/invoice-form.tsx(660,125): error TS17004: Cannot use JSX unless the '--jsx' flag is provided.
src/components/invoices/invoice-form.tsx(661,49): error TS17004: Cannot use JSX unless the '--jsx' flag is provided.
src/components/invoices/invoice-form.tsx(662,53): error TS17004: Cannot use JSX unless the '--jsx' flag is provided.
src/components/invoices/invoice-form.tsx(662,63): error TS17004: Cannot use JSX unless the '--jsx' flag is provided.
src/components/invoices/invoice-form.tsx(663,57): error TS17004: Cannot use JSX unless the '--jsx' flag is provided.
src/components/invoices/invoice-form.tsx(664,61): error TS17004: Cannot use JSX unless the '--jsx' flag is provided.
src/components/invoices/invoice-form.tsx(664,74): error TS17004: Cannot use JSX unless the '--jsx' flag is provided.
src/components/invoices/invoice-form.tsx(664,152): error TS17004: Cannot use JSX unless the '--jsx' flag is provided.
src/components/invoices/invoice-form.tsx(665,61): error TS17004: Cannot use JSX unless the '--jsx' flag is provided.
src/components/invoices/invoice-form.tsx(665,94): error TS17004: Cannot use JSX unless the '--jsx' flag is provided.
src/components/invoices/invoice-form.tsx(667,57): error TS17004: Cannot use JSX unless the '--jsx' flag is provided.
src/components/invoices/invoice-form.tsx(672,45): error TS17004: Cannot use JSX unless the '--jsx' flag is provided.
src/components/invoices/invoice-form.tsx(673,49): error TS17004: Cannot use JSX unless the '--jsx' flag is provided.
src/components/invoices/invoice-form.tsx(673,125): error TS17004: Cannot use JSX unless the '--jsx' flag is provided.
src/components/invoices/invoice-form.tsx(674,49): error TS17004: Cannot use JSX unless the '--jsx' flag is provided.
src/components/invoices/invoice-form.tsx(675,53): error TS17004: Cannot use JSX unless the '--jsx' flag is provided.
src/components/invoices/invoice-form.tsx(676,57): error TS17004: Cannot use JSX unless the '--jsx' flag is provided.
src/components/invoices/invoice-form.tsx(676,93): error TS17004: Cannot use JSX unless the '--jsx' flag is provided.
src/components/invoices/invoice-form.tsx(677,61): error TS17004: Cannot use JSX unless the '--jsx' flag is provided.
src/components/invoices/invoice-form.tsx(678,65): error TS17004: Cannot use JSX unless the '--jsx' flag is provided.
src/components/invoices/invoice-form.tsx(679,69): error TS17004: Cannot use JSX unless the '--jsx' flag is provided.
src/components/invoices/invoice-form.tsx(679,82): error TS17004: Cannot use JSX unless the '--jsx' flag is provided.
src/components/invoices/invoice-form.tsx(680,73): error TS17004: Cannot use JSX unless the '--jsx' flag is provided.
src/components/invoices/invoice-form.tsx(681,134): error TS17004: Cannot use JSX unless the '--jsx' flag is provided.
src/components/invoices/invoice-form.tsx(684,65): error TS17004: Cannot use JSX unless the '--jsx' flag is provided.
src/components/invoices/invoice-form.tsx(685,69): error TS17004: Cannot use JSX unless the '--jsx' flag is provided.
src/components/invoices/invoice-form.tsx(688,61): error TS17004: Cannot use JSX unless the '--jsx' flag is provided.
src/components/invoices/invoice-form.tsx(691,53): error TS17004: Cannot use JSX unless the '--jsx' flag is provided.
src/components/invoices/invoice-form.tsx(692,57): error TS17004: Cannot use JSX unless the '--jsx' flag is provided.
src/components/invoices/invoice-form.tsx(692,93): error TS17004: Cannot use JSX unless the '--jsx' flag is provided.
src/components/invoices/invoice-form.tsx(693,61): error TS17004: Cannot use JSX unless the '--jsx' flag is provided.
src/components/invoices/invoice-form.tsx(694,65): error TS17004: Cannot use JSX unless the '--jsx' flag is provided.
src/components/invoices/invoice-form.tsx(695,69): error TS17004: Cannot use JSX unless the '--jsx' flag is provided.
src/components/invoices/invoice-form.tsx(695,82): error TS17004: Cannot use JSX unless the '--jsx' flag is provided.
src/components/invoices/invoice-form.tsx(696,73): error TS17004: Cannot use JSX unless the '--jsx' flag is provided.
src/components/invoices/invoice-form.tsx(697,134): error TS17004: Cannot use JSX unless the '--jsx' flag is provided.
src/components/invoices/invoice-form.tsx(700,65): error TS17004: Cannot use JSX unless the '--jsx' flag is provided.
src/components/invoices/invoice-form.tsx(701,69): error TS17004: Cannot use JSX unless the '--jsx' flag is provided.
src/components/invoices/invoice-form.tsx(704,61): error TS17004: Cannot use JSX unless the '--jsx' flag is provided.
src/components/invoices/invoice-form.tsx(710,45): error TS17004: Cannot use JSX unless the '--jsx' flag is provided.
src/components/invoices/invoice-form.tsx(711,49): error TS17004: Cannot use JSX unless the '--jsx' flag is provided.
src/components/invoices/invoice-form.tsx(711,125): error TS17004: Cannot use JSX unless the '--jsx' flag is provided.
src/components/invoices/invoice-form.tsx(712,49): error TS17004: Cannot use JSX unless the '--jsx' flag is provided.
src/components/invoices/invoice-form.tsx(713,53): error TS17004: Cannot use JSX unless the '--jsx' flag is provided.
src/components/invoices/invoice-form.tsx(714,57): error TS17004: Cannot use JSX unless the '--jsx' flag is provided.
src/components/invoices/invoice-form.tsx(714,67): error TS17004: Cannot use JSX unless the '--jsx' flag is provided.
src/components/invoices/invoice-form.tsx(714,187): error TS17004: Cannot use JSX unless the '--jsx' flag is provided.
src/components/invoices/invoice-form.tsx(714,200): error TS17004: Cannot use JSX unless the '--jsx' flag is provided.
src/components/invoices/invoice-form.tsx(714,277): error TS17004: Cannot use JSX unless the '--jsx' flag is provided.
src/components/invoices/invoice-form.tsx(716,53): error TS17004: Cannot use JSX unless the '--jsx' flag is provided.
src/components/invoices/invoice-form.tsx(717,57): error TS17004: Cannot use JSX unless the '--jsx' flag is provided.
src/components/invoices/invoice-form.tsx(717,67): error TS17004: Cannot use JSX unless the '--jsx' flag is provided.
src/components/invoices/invoice-form.tsx(718,61): error TS17004: Cannot use JSX unless the '--jsx' flag is provided.
src/components/invoices/invoice-form.tsx(719,65): error TS17004: Cannot use JSX unless the '--jsx' flag is provided.
src/components/invoices/invoice-form.tsx(719,78): error TS17004: Cannot use JSX unless the '--jsx' flag is provided.
src/components/invoices/invoice-form.tsx(719,136): error TS17004: Cannot use JSX unless the '--jsx' flag is provided.
src/components/invoices/invoice-form.tsx(720,65): error TS17004: Cannot use JSX unless the '--jsx' flag is provided.
src/components/invoices/invoice-form.tsx(721,69): error TS17004: Cannot use JSX unless the '--jsx' flag is provided.
src/components/invoices/invoice-form.tsx(722,69): error TS17004: Cannot use JSX unless the '--jsx' flag is provided.
src/components/invoices/invoice-form.tsx(723,69): error TS17004: Cannot use JSX unless the '--jsx' flag is provided.
src/components/invoices/invoice-form.tsx(726,61): error TS17004: Cannot use JSX unless the '--jsx' flag is provided.
src/components/invoices/invoice-form.tsx(730,49): error TS17004: Cannot use JSX unless the '--jsx' flag is provided.
src/components/invoices/invoice-form.tsx(731,53): error TS17004: Cannot use JSX unless the '--jsx' flag is provided.
src/components/invoices/invoice-form.tsx(731,89): error TS17004: Cannot use JSX unless the '--jsx' flag is provided.
src/components/invoices/invoice-form.tsx(732,57): error TS17004: Cannot use JSX unless the '--jsx' flag is provided.
src/components/invoices/invoice-form.tsx(733,61): error TS17004: Cannot use JSX unless the '--jsx' flag is provided.
src/components/invoices/invoice-form.tsx(734,65): error TS17004: Cannot use JSX unless the '--jsx' flag is provided.
src/components/invoices/invoice-form.tsx(734,78): error TS17004: Cannot use JSX unless the '--jsx' flag is provided.
src/components/invoices/invoice-form.tsx(735,69): error TS17004: Cannot use JSX unless the '--jsx' flag is provided.
src/components/invoices/invoice-form.tsx(736,130): error TS17004: Cannot use JSX unless the '--jsx' flag is provided.
src/components/invoices/invoice-form.tsx(739,61): error TS17004: Cannot use JSX unless the '--jsx' flag is provided.
src/components/invoices/invoice-form.tsx(740,65): error TS17004: Cannot use JSX unless the '--jsx' flag is provided.
src/components/invoices/invoice-form.tsx(743,57): error TS17004: Cannot use JSX unless the '--jsx' flag is provided.
src/components/invoices/invoice-form.tsx(751,41): error TS17004: Cannot use JSX unless the '--jsx' flag is provided.
src/components/invoices/invoice-form.tsx(752,45): error TS17004: Cannot use JSX unless the '--jsx' flag is provided.
src/components/invoices/invoice-form.tsx(753,49): error TS17004: Cannot use JSX unless the '--jsx' flag is provided.
src/components/invoices/invoice-form.tsx(753,120): error TS17004: Cannot use JSX unless the '--jsx' flag is provided.
src/components/invoices/invoice-form.tsx(754,49): error TS17004: Cannot use JSX unless the '--jsx' flag is provided.
src/components/invoices/invoice-form.tsx(755,53): error TS17004: Cannot use JSX unless the '--jsx' flag is provided.
src/components/invoices/invoice-form.tsx(756,79): error TS17004: Cannot use JSX unless the '--jsx' flag is provided.
src/components/invoices/invoice-form.tsx(756,131): error TS17004: Cannot use JSX unless the '--jsx' flag is provided.
src/components/invoices/invoice-form.tsx(759,53): error TS17004: Cannot use JSX unless the '--jsx' flag is provided.
src/components/invoices/invoice-form.tsx(771,57): error TS17004: Cannot use JSX unless the '--jsx' flag is provided.
src/components/invoices/invoice-form.tsx(775,45): error TS17004: Cannot use JSX unless the '--jsx' flag is provided.
src/components/invoices/invoice-form.tsx(776,49): error TS17004: Cannot use JSX unless the '--jsx' flag is provided.
src/components/invoices/invoice-form.tsx(777,53): error TS17004: Cannot use JSX unless the '--jsx' flag is provided.
src/components/invoices/invoice-form.tsx(778,57): error TS17004: Cannot use JSX unless the '--jsx' flag is provided.
src/components/invoices/invoice-form.tsx(779,61): error TS17004: Cannot use JSX unless the '--jsx' flag is provided.
src/components/invoices/invoice-form.tsx(780,61): error TS17004: Cannot use JSX unless the '--jsx' flag is provided.
src/components/invoices/invoice-form.tsx(781,61): error TS17004: Cannot use JSX unless the '--jsx' flag is provided.
src/components/invoices/invoice-form.tsx(782,61): error TS17004: Cannot use JSX unless the '--jsx' flag is provided.
src/components/invoices/invoice-form.tsx(783,61): error TS17004: Cannot use JSX unless the '--jsx' flag is provided.
src/components/invoices/invoice-form.tsx(784,61): error TS17004: Cannot use JSX unless the '--jsx' flag is provided.
src/components/invoices/invoice-form.tsx(785,61): error TS17004: Cannot use JSX unless the '--jsx' flag is provided.
src/components/invoices/invoice-form.tsx(786,61): error TS17004: Cannot use JSX unless the '--jsx' flag is provided.
src/components/invoices/invoice-form.tsx(789,53): error TS17004: Cannot use JSX unless the '--jsx' flag is provided.
src/components/invoices/invoice-form.tsx(797,65): error TS17004: Cannot use JSX unless the '--jsx' flag is provided.
src/components/invoices/invoice-form.tsx(801,69): error TS17004: Cannot use JSX unless the '--jsx' flag is provided.
src/components/invoices/invoice-form.tsx(802,73): error TS17004: Cannot use JSX unless the '--jsx' flag is provided.
src/components/invoices/invoice-form.tsx(803,77): error TS17004: Cannot use JSX unless the '--jsx' flag is provided.
src/components/invoices/invoice-form.tsx(804,81): error TS17004: Cannot use JSX unless the '--jsx' flag is provided.
src/components/invoices/invoice-form.tsx(805,85): error TS17004: Cannot use JSX unless the '--jsx' flag is provided.
src/components/invoices/invoice-form.tsx(805,98): error TS17004: Cannot use JSX unless the '--jsx' flag is provided.
src/components/invoices/invoice-form.tsx(805,214): error TS17004: Cannot use JSX unless the '--jsx' flag is provided.
src/components/invoices/invoice-form.tsx(806,85): error TS17004: Cannot use JSX unless the '--jsx' flag is provided.
src/components/invoices/invoice-form.tsx(807,89): error TS17004: Cannot use JSX unless the '--jsx' flag is provided.
src/components/invoices/invoice-form.tsx(808,89): error TS17004: Cannot use JSX unless the '--jsx' flag is provided.
src/components/invoices/invoice-form.tsx(809,89): error TS17004: Cannot use JSX unless the '--jsx' flag is provided.
src/components/invoices/invoice-form.tsx(815,69): error TS17004: Cannot use JSX unless the '--jsx' flag is provided.
src/components/invoices/invoice-form.tsx(817,77): error TS17004: Cannot use JSX unless the '--jsx' flag is provided.
src/components/invoices/invoice-form.tsx(818,81): error TS17004: Cannot use JSX unless the '--jsx' flag is provided.
src/components/invoices/invoice-form.tsx(819,85): error TS17004: Cannot use JSX unless the '--jsx' flag is provided.
src/components/invoices/invoice-form.tsx(820,89): error TS17004: Cannot use JSX unless the '--jsx' flag is provided.
src/components/invoices/invoice-form.tsx(820,102): error TS17004: Cannot use JSX unless the '--jsx' flag is provided.
src/components/invoices/invoice-form.tsx(820,189): error TS17004: Cannot use JSX unless the '--jsx' flag is provided.
src/components/invoices/invoice-form.tsx(821,89): error TS17004: Cannot use JSX unless the '--jsx' flag is provided.
src/components/invoices/invoice-form.tsx(822,114): error TS17004: Cannot use JSX unless the '--jsx' flag is provided.
src/components/invoices/invoice-form.tsx(829,77): error TS17004: Cannot use JSX unless the '--jsx' flag is provided.
src/components/invoices/invoice-form.tsx(830,81): error TS17004: Cannot use JSX unless the '--jsx' flag is provided.
src/components/invoices/invoice-form.tsx(831,85): error TS17004: Cannot use JSX unless the '--jsx' flag is provided.
src/components/invoices/invoice-form.tsx(832,89): error TS17004: Cannot use JSX unless the '--jsx' flag is provided.
src/components/invoices/invoice-form.tsx(832,102): error TS17004: Cannot use JSX unless the '--jsx' flag is provided.
src/components/invoices/invoice-form.tsx(832,189): error TS17004: Cannot use JSX unless the '--jsx' flag is provided.
src/components/invoices/invoice-form.tsx(833,89): error TS17004: Cannot use JSX unless the '--jsx' flag is provided.
src/components/invoices/invoice-form.tsx(834,113): error TS17004: Cannot use JSX unless the '--jsx' flag is provided.
src/components/invoices/invoice-form.tsx(841,77): error TS17004: Cannot use JSX unless the '--jsx' flag is provided.
src/components/invoices/invoice-form.tsx(842,81): error TS17004: Cannot use JSX unless the '--jsx' flag is provided.
src/components/invoices/invoice-form.tsx(846,69): error TS17004: Cannot use JSX unless the '--jsx' flag is provided.
src/components/invoices/invoice-form.tsx(847,73): error TS17004: Cannot use JSX unless the '--jsx' flag is provided.
src/components/invoices/invoice-form.tsx(848,77): error TS17004: Cannot use JSX unless the '--jsx' flag is provided.
src/components/invoices/invoice-form.tsx(849,81): error TS17004: Cannot use JSX unless the '--jsx' flag is provided.
src/components/invoices/invoice-form.tsx(850,85): error TS17004: Cannot use JSX unless the '--jsx' flag is provided.
src/components/invoices/invoice-form.tsx(851,89): error TS17004: Cannot use JSX unless the '--jsx' flag is provided.
src/components/invoices/invoice-form.tsx(851,102): error TS17004: Cannot use JSX unless the '--jsx' flag is provided.
src/components/invoices/invoice-form.tsx(852,93): error TS17004: Cannot use JSX unless the '--jsx' flag is provided.
src/components/invoices/invoice-form.tsx(853,188): error TS17004: Cannot use JSX unless the '--jsx' flag is provided.
src/components/invoices/invoice-form.tsx(856,85): error TS17004: Cannot use JSX unless the '--jsx' flag is provided.
src/components/invoices/invoice-form.tsx(857,89): error TS17004: Cannot use JSX unless the '--jsx' flag is provided.
src/components/invoices/invoice-form.tsx(874,69): error TS17004: Cannot use JSX unless the '--jsx' flag is provided.
src/components/invoices/invoice-form.tsx(875,73): error TS17004: Cannot use JSX unless the '--jsx' flag is provided.
src/components/invoices/invoice-form.tsx(876,77): error TS17004: Cannot use JSX unless the '--jsx' flag is provided.
src/components/invoices/invoice-form.tsx(877,81): error TS17004: Cannot use JSX unless the '--jsx' flag is provided.
src/components/invoices/invoice-form.tsx(877,94): error TS17004: Cannot use JSX unless the '--jsx' flag is provided.
src/components/invoices/invoice-form.tsx(878,81): error TS17004: Cannot use JSX unless the '--jsx' flag is provided.
src/components/invoices/invoice-form.tsx(882,69): error TS17004: Cannot use JSX unless the '--jsx' flag is provided.
src/components/invoices/invoice-form.tsx(883,73): error TS17004: Cannot use JSX unless the '--jsx' flag is provided.
src/components/invoices/invoice-form.tsx(884,77): error TS17004: Cannot use JSX unless the '--jsx' flag is provided.
src/components/invoices/invoice-form.tsx(885,81): error TS17004: Cannot use JSX unless the '--jsx' flag is provided.
src/components/invoices/invoice-form.tsx(885,94): error TS17004: Cannot use JSX unless the '--jsx' flag is provided.
src/components/invoices/invoice-form.tsx(886,81): error TS17004: Cannot use JSX unless the '--jsx' flag is provided.
src/components/invoices/invoice-form.tsx(890,69): error TS17004: Cannot use JSX unless the '--jsx' flag is provided.
src/components/invoices/invoice-form.tsx(891,73): error TS17004: Cannot use JSX unless the '--jsx' flag is provided.
src/components/invoices/invoice-form.tsx(892,77): error TS17004: Cannot use JSX unless the '--jsx' flag is provided.
src/components/invoices/invoice-form.tsx(893,81): error TS17004: Cannot use JSX unless the '--jsx' flag is provided.
src/components/invoices/invoice-form.tsx(893,94): error TS17004: Cannot use JSX unless the '--jsx' flag is provided.
src/components/invoices/invoice-form.tsx(894,81): error TS17004: Cannot use JSX unless the '--jsx' flag is provided.
src/components/invoices/invoice-form.tsx(898,69): error TS17004: Cannot use JSX unless the '--jsx' flag is provided.
src/components/invoices/invoice-form.tsx(899,73): error TS17004: Cannot use JSX unless the '--jsx' flag is provided.
src/components/invoices/invoice-form.tsx(901,69): error TS17004: Cannot use JSX unless the '--jsx' flag is provided.
src/components/invoices/invoice-form.tsx(902,73): error TS17004: Cannot use JSX unless the '--jsx' flag is provided.
src/components/invoices/invoice-form.tsx(904,81): error TS17004: Cannot use JSX unless the '--jsx' flag is provided.
src/components/invoices/invoice-form.tsx(905,85): error TS17004: Cannot use JSX unless the '--jsx' flag is provided.
src/components/invoices/invoice-form.tsx(906,89): error TS17004: Cannot use JSX unless the '--jsx' flag is provided.
src/components/invoices/invoice-form.tsx(907,89): error TS17004: Cannot use JSX unless the '--jsx' flag is provided.
src/components/invoices/invoice-form.tsx(909,85): error TS17004: Cannot use JSX unless the '--jsx' flag is provided.
src/components/invoices/invoice-form.tsx(922,89): error TS17004: Cannot use JSX unless the '--jsx' flag is provided.
src/components/invoices/invoice-form.tsx(926,81): error TS17004: Cannot use JSX unless the '--jsx' flag is provided.
src/components/invoices/invoice-form.tsx(927,85): error TS17004: Cannot use JSX unless the '--jsx' flag is provided.
src/components/invoices/invoice-form.tsx(936,111): error TS17004: Cannot use JSX unless the '--jsx' flag is provided.
src/components/invoices/invoice-form.tsx(936,158): error TS17004: Cannot use JSX unless the '--jsx' flag is provided.
src/components/invoices/invoice-form.tsx(939,85): error TS17004: Cannot use JSX unless the '--jsx' flag is provided.
src/components/invoices/invoice-form.tsx(947,89): error TS17004: Cannot use JSX unless the '--jsx' flag is provided.
src/components/invoices/invoice-form.tsx(963,41): error TS17004: Cannot use JSX unless the '--jsx' flag is provided.
src/components/invoices/invoice-form.tsx(964,45): error TS17004: Cannot use JSX unless the '--jsx' flag is provided.
src/components/invoices/invoice-form.tsx(965,49): error TS17004: Cannot use JSX unless the '--jsx' flag is provided.
src/components/invoices/invoice-form.tsx(966,53): error TS17004: Cannot use JSX unless the '--jsx' flag is provided.
src/components/invoices/invoice-form.tsx(966,63): error TS17004: Cannot use JSX unless the '--jsx' flag is provided.
src/components/invoices/invoice-form.tsx(966,126): error TS17004: Cannot use JSX unless the '--jsx' flag is provided.
src/components/invoices/invoice-form.tsx(966,139): error TS17004: Cannot use JSX unless the '--jsx' flag is provided.
src/components/invoices/invoice-form.tsx(966,266): error TS17004: Cannot use JSX unless the '--jsx' flag is provided.
src/components/invoices/invoice-form.tsx(968,49): error TS17004: Cannot use JSX unless the '--jsx' flag is provided.
src/components/invoices/invoice-form.tsx(969,53): error TS17004: Cannot use JSX unless the '--jsx' flag is provided.
src/components/invoices/invoice-form.tsx(969,63): error TS17004: Cannot use JSX unless the '--jsx' flag is provided.
src/components/invoices/invoice-form.tsx(969,127): error TS17004: Cannot use JSX unless the '--jsx' flag is provided.
src/components/invoices/invoice-form.tsx(969,140): error TS17004: Cannot use JSX unless the '--jsx' flag is provided.
src/components/invoices/invoice-form.tsx(969,267): error TS17004: Cannot use JSX unless the '--jsx' flag is provided.
src/components/invoices/invoice-form.tsx(971,49): error TS17004: Cannot use JSX unless the '--jsx' flag is provided.
src/components/invoices/invoice-form.tsx(972,53): error TS17004: Cannot use JSX unless the '--jsx' flag is provided.
src/components/invoices/invoice-form.tsx(972,63): error TS17004: Cannot use JSX unless the '--jsx' flag is provided.
src/components/invoices/invoice-form.tsx(973,57): error TS17004: Cannot use JSX unless the '--jsx' flag is provided.
src/components/invoices/invoice-form.tsx(974,61): error TS17004: Cannot use JSX unless the '--jsx' flag is provided.
src/components/invoices/invoice-form.tsx(974,74): error TS17004: Cannot use JSX unless the '--jsx' flag is provided.
src/components/invoices/invoice-form.tsx(974,106): error TS17004: Cannot use JSX unless the '--jsx' flag is provided.
src/components/invoices/invoice-form.tsx(975,61): error TS17004: Cannot use JSX unless the '--jsx' flag is provided.
src/components/invoices/invoice-form.tsx(976,65): error TS17004: Cannot use JSX unless the '--jsx' flag is provided.
src/components/invoices/invoice-form.tsx(977,65): error TS17004: Cannot use JSX unless the '--jsx' flag is provided.
src/components/invoices/invoice-form.tsx(980,57): error TS17004: Cannot use JSX unless the '--jsx' flag is provided.
src/components/invoices/invoice-form.tsx(985,46): error TS17004: Cannot use JSX unless the '--jsx' flag is provided.
src/components/invoices/invoice-form.tsx(986,50): error TS17004: Cannot use JSX unless the '--jsx' flag is provided.
src/components/invoices/invoice-form.tsx(987,54): error TS17004: Cannot use JSX unless the '--jsx' flag is provided.
src/components/invoices/invoice-form.tsx(988,58): error TS17004: Cannot use JSX unless the '--jsx' flag is provided.
src/components/invoices/invoice-form.tsx(989,61): error TS17004: Cannot use JSX unless the '--jsx' flag is provided.
src/components/invoices/invoice-form.tsx(989,131): error TS17004: Cannot use JSX unless the '--jsx' flag is provided.
src/components/invoices/invoice-form.tsx(990,61): error TS17004: Cannot use JSX unless the '--jsx' flag is provided.
src/components/invoices/invoice-form.tsx(991,65): error TS17004: Cannot use JSX unless the '--jsx' flag is provided.
src/components/invoices/invoice-form.tsx(994,58): error TS17004: Cannot use JSX unless the '--jsx' flag is provided.
src/components/invoices/invoice-form.tsx(995,62): error TS17004: Cannot use JSX unless the '--jsx' flag is provided.
src/components/invoices/invoice-form.tsx(1001,58): error TS17004: Cannot use JSX unless the '--jsx' flag is provided.
src/components/invoices/invoice-form.tsx(1009,41): error TS17004: Cannot use JSX unless the '--jsx' flag is provided.
src/components/invoices/invoice-form.tsx(1010,45): error TS17004: Cannot use JSX unless the '--jsx' flag is provided.
src/components/invoices/invoice-form.tsx(1011,49): error TS17004: Cannot use JSX unless the '--jsx' flag is provided.
src/components/invoices/invoice-form.tsx(1013,45): error TS17004: Cannot use JSX unless the '--jsx' flag is provided.
src/components/invoices/invoice-form.tsx(1014,45): error TS17004: Cannot use JSX unless the '--jsx' flag is provided.
src/components/invoices/invoice-form.tsx(1019,33): error TS17004: Cannot use JSX unless the '--jsx' flag is provided.
src/components/invoices/invoice-form.tsx(1020,37): error TS17004: Cannot use JSX unless the '--jsx' flag is provided.
src/components/invoices/invoice-form.tsx(1021,41): error TS17004: Cannot use JSX unless the '--jsx' flag is provided.
src/components/invoices/invoice-form.tsx(1024,41): error TS17004: Cannot use JSX unless the '--jsx' flag is provided.
src/components/invoices/invoice-form.tsx(1025,53): error TS17004: Cannot use JSX unless the '--jsx' flag is provided.
src/components/invoices/invoice-form.tsx(1028,41): error TS17004: Cannot use JSX unless the '--jsx' flag is provided.
src/components/invoices/invoice-form.tsx(1029,61): error TS17004: Cannot use JSX unless the '--jsx' flag is provided.
src/components/invoices/invoice-form.tsx(1029,63): error TS17004: Cannot use JSX unless the '--jsx' flag is provided.
src/components/invoices/invoice-form.tsx(1029,131): error TS17004: Cannot use JSX unless the '--jsx' flag is provided.
src/components/invoices/invoice-form.tsx(1029,133): error TS17004: Cannot use JSX unless the '--jsx' flag is provided.
src/components/invoices/invoice-form.tsx(1040,13): error TS17004: Cannot use JSX unless the '--jsx' flag is provided.
src/components/invoices/invoice-form.tsx(1041,17): error TS17004: Cannot use JSX unless the '--jsx' flag is provided.
src/components/invoices/invoice-form.tsx(1042,21): error TS17004: Cannot use JSX unless the '--jsx' flag is provided.
src/components/invoices/invoice-form.tsx(1043,25): error TS17004: Cannot use JSX unless the '--jsx' flag is provided.
src/components/invoices/invoice-form.tsx(1044,25): error TS17004: Cannot use JSX unless the '--jsx' flag is provided.
src/components/invoices/invoice-form.tsx(1045,25): error TS17004: Cannot use JSX unless the '--jsx' flag is provided.
src/components/invoices/invoice-form.tsx(1047,21): error TS17004: Cannot use JSX unless the '--jsx' flag is provided.
src/components/invoices/invoice-form.tsx(1048,25): error TS17004: Cannot use JSX unless the '--jsx' flag is provided.
src/components/invoices/invoice-form.tsx(1050,33): error TS17004: Cannot use JSX unless the '--jsx' flag is provided.
src/components/invoices/invoice-form.tsx(1051,37): error TS17004: Cannot use JSX unless the '--jsx' flag is provided.
src/components/invoices/invoice-form.tsx(1052,37): error TS17004: Cannot use JSX unless the '--jsx' flag is provided.
src/components/invoices/invoice-form.tsx(1052,109): error TS17004: Cannot use JSX unless the '--jsx' flag is provided.
src/components/invoices/invoice-form.tsx(1055,33): error TS17004: Cannot use JSX unless the '--jsx' flag is provided.
src/components/invoices/invoice-form.tsx(1056,37): error TS17004: Cannot use JSX unless the '--jsx' flag is provided.
src/components/invoices/invoice-form.tsx(1057,37): error TS17004: Cannot use JSX unless the '--jsx' flag is provided.
src/components/invoices/invoice-form.tsx(1061,29): error TS17004: Cannot use JSX unless the '--jsx' flag is provided.
src/components/invoices/invoice-form.tsx(1062,33): error TS17004: Cannot use JSX unless the '--jsx' flag is provided.
src/components/invoices/invoice-form.tsx(1063,37): error TS17004: Cannot use JSX unless the '--jsx' flag is provided.
src/components/invoices/invoice-form.tsx(1064,37): error TS17004: Cannot use JSX unless the '--jsx' flag is provided.
src/components/invoices/invoice-form.tsx(1067,37): error TS17004: Cannot use JSX unless the '--jsx' flag is provided.
src/components/invoices/invoice-form.tsx(1068,41): error TS17004: Cannot use JSX unless the '--jsx' flag is provided.
src/components/invoices/invoice-form.tsx(1069,41): error TS17004: Cannot use JSX unless the '--jsx' flag is provided.
src/components/invoices/invoice-form.tsx(1072,33): error TS17004: Cannot use JSX unless the '--jsx' flag is provided.
src/components/invoices/invoice-form.tsx(1073,37): error TS17004: Cannot use JSX unless the '--jsx' flag is provided.
src/components/invoices/invoice-form.tsx(1074,37): error TS17004: Cannot use JSX unless the '--jsx' flag is provided.
src/components/invoices/invoice-form.tsx(1076,33): error TS17004: Cannot use JSX unless the '--jsx' flag is provided.
src/components/invoices/invoice-form.tsx(1077,37): error TS17004: Cannot use JSX unless the '--jsx' flag is provided.
src/components/invoices/invoice-form.tsx(1078,37): error TS17004: Cannot use JSX unless the '--jsx' flag is provided.
src/components/invoices/invoice-form.tsx(1082,29): error TS17004: Cannot use JSX unless the '--jsx' flag is provided.
src/components/invoices/invoice-form.tsx(1083,33): error TS17004: Cannot use JSX unless the '--jsx' flag is provided.
src/components/invoices/invoice-form.tsx(1084,33): error TS17004: Cannot use JSX unless the '--jsx' flag is provided.
src/components/invoices/invoice-form.tsx(1085,33): error TS17004: Cannot use JSX unless the '--jsx' flag is provided.
src/components/invoices/invoice-form.tsx(1086,37): error TS17004: Cannot use JSX unless the '--jsx' flag is provided.
src/components/invoices/invoice-form.tsx(1087,41): error TS17004: Cannot use JSX unless the '--jsx' flag is provided.
src/components/invoices/invoice-form.tsx(1088,41): error TS17004: Cannot use JSX unless the '--jsx' flag is provided.
src/components/invoices/invoice-form.tsx(1090,37): error TS17004: Cannot use JSX unless the '--jsx' flag is provided.
src/components/invoices/invoice-form.tsx(1091,41): error TS17004: Cannot use JSX unless the '--jsx' flag is provided.
src/components/invoices/invoice-form.tsx(1092,41): error TS17004: Cannot use JSX unless the '--jsx' flag is provided.
src/components/invoices/invoice-form.tsx(1097,29): error TS17004: Cannot use JSX unless the '--jsx' flag is provided.
src/components/invoices/invoice-form.tsx(1098,33): error TS17004: Cannot use JSX unless the '--jsx' flag is provided.
src/components/invoices/invoice-form.tsx(1098,153): error TS17004: Cannot use JSX unless the '--jsx' flag is provided.
src/components/invoices/invoice-form.tsx(1100,37): error TS17004: Cannot use JSX unless the '--jsx' flag is provided.
src/components/invoices/invoice-form.tsx(1100,198): error TS17004: Cannot use JSX unless the '--jsx' flag is provided.
src/components/invoices/invoice-form.tsx(1110,13): error TS17004: Cannot use JSX unless the '--jsx' flag is provided.
src/components/invoices/invoice-form.tsx(1111,17): error TS17004: Cannot use JSX unless the '--jsx' flag is provided.
src/components/invoices/invoice-form.tsx(1112,21): error TS17004: Cannot use JSX unless the '--jsx' flag is provided.
src/components/invoices/invoice-form.tsx(1113,25): error TS17004: Cannot use JSX unless the '--jsx' flag is provided.
src/components/invoices/invoice-form.tsx(1114,25): error TS17004: Cannot use JSX unless the '--jsx' flag is provided.
src/components/invoices/invoice-form.tsx(1115,25): error TS17004: Cannot use JSX unless the '--jsx' flag is provided.
src/components/invoices/invoice-form.tsx(1117,21): error TS17004: Cannot use JSX unless the '--jsx' flag is provided.
src/components/invoices/invoice-form.tsx(1119,29): error TS17004: Cannot use JSX unless the '--jsx' flag is provided.
src/components/invoices/invoice-form.tsx(1127,33): error TS17004: Cannot use JSX unless the '--jsx' flag is provided.
src/components/invoices/invoice-form.tsx(1128,37): error TS17004: Cannot use JSX unless the '--jsx' flag is provided.
src/components/invoices/invoice-form.tsx(1129,37): error TS17004: Cannot use JSX unless the '--jsx' flag is provided.
src/components/invoices/invoice-form.tsx(1131,33): error TS17004: Cannot use JSX unless the '--jsx' flag is provided.
src/components/invoices/invoice-form.tsx(1132,86): error TS17004: Cannot use JSX unless the '--jsx' flag is provided.
src/components/invoices/invoice-form.tsx(1137,21): error TS17004: Cannot use JSX unless the '--jsx' flag is provided.
src/components/invoices/invoice-form.tsx(1138,25): error TS17004: Cannot use JSX unless the '--jsx' flag is provided.
src/components/invoices/invoice-form.tsx(1138,46): error TS17004: Cannot use JSX unless the '--jsx' flag is provided.
src/components/invoices/invoice-form.tsx(1139,25): error TS17004: Cannot use JSX unless the '--jsx' flag is provided.
src/components/proforma-invoices/proforma-invoice-form.tsx(3,8): error TS1259: Module '"C:/Users/Admin/Documents/abbyscaterers/node_modules/@types/react/index"' can only be default-imported using the 'esModuleInterop' flag
src/components/proforma-invoices/proforma-invoice-form.tsx(8,24): error TS2307: Cannot find module '@/components/ui/button' or its corresponding type declarations.
src/components/proforma-invoices/proforma-invoice-form.tsx(9,75): error TS2307: Cannot find module '@/components/ui/card' or its corresponding type declarations.
src/components/proforma-invoices/proforma-invoice-form.tsx(10,23): error TS2307: Cannot find module '@/components/ui/input' or its corresponding type declarations.
src/components/proforma-invoices/proforma-invoice-form.tsx(11,23): error TS2307: Cannot find module '@/components/ui/label' or its corresponding type declarations.
src/components/proforma-invoices/proforma-invoice-form.tsx(12,79): error TS2307: Cannot find module '@/components/ui/select' or its corresponding type declarations.
src/components/proforma-invoices/proforma-invoice-form.tsx(14,26): error TS2307: Cannot find module '@/components/ui/calendar' or its corresponding type declarations.
src/components/proforma-invoices/proforma-invoice-form.tsx(15,57): error TS2307: Cannot find module '@/components/ui/popover' or its corresponding type declarations.
src/components/proforma-invoices/proforma-invoice-form.tsx(17,20): error TS2307: Cannot find module '@/lib/utils' or its corresponding type declarations.
src/components/proforma-invoices/proforma-invoice-form.tsx(18,26): error TS2307: Cannot find module '@/hooks/use-toast' or its corresponding type declarations.
src/components/proforma-invoices/proforma-invoice-form.tsx(19,34): error TS2307: Cannot find module '@/hooks/use-client-storage' or its corresponding type declarations.
src/components/proforma-invoices/proforma-invoice-form.tsx(20,43): error TS2307: Cannot find module '@/hooks/use-proforma-invoice-storage' or its corresponding type declarations.
src/components/proforma-invoices/proforma-invoice-form.tsx(21,33): error TS2307: Cannot find module '@/hooks/use-order-storage' or its corresponding type declarations.
src/components/proforma-invoices/proforma-invoice-form.tsx(22,69): error TS2307: Cannot find module '@/lib/schemas' or its corresponding type declarations.
src/components/proforma-invoices/proforma-invoice-form.tsx(23,26): error TS2307: Cannot find module '@/components/ui/textarea' or its corresponding type declarations.
src/components/proforma-invoices/proforma-invoice-form.tsx(24,26): error TS2307: Cannot find module '@/components/ui/checkbox' or its corresponding type declarations.
src/components/proforma-invoices/proforma-invoice-form.tsx(25,93): error TS2307: Cannot find module '@/components/ui/command' or its corresponding type declarations.
src/components/proforma-invoices/proforma-invoice-form.tsx(26,78): error TS2307: Cannot find module '@/components/ui/accordion' or its corresponding type declarations.
src/components/proforma-invoices/proforma-invoice-form.tsx(27,44): error TS2307: Cannot find module '@/components/ui/radio-group' or its corresponding type declarations.
src/components/proforma-invoices/proforma-invoice-form.tsx(28,80): error TS2307: Cannot find module '@/components/ui/form' or its corresponding type declarations.
src/components/proforma-invoices/proforma-invoice-form.tsx(29,37): error TS2307: Cannot find module '@/types' or its corresponding type declarations.
src/components/proforma-invoices/proforma-invoice-form.tsx(30,53): error TS2307: Cannot find module '@/components/hr/ui/alert' or its corresponding type declarations.
src/components/proforma-invoices/proforma-invoice-form.tsx(31,112): error TS2307: Cannot find module '@/components/ui/dialog' or its corresponding type declarations.
src/components/proforma-invoices/proforma-invoice-form.tsx(32,23): error TS2307: Cannot find module '@/components/ui/badge' or its corresponding type declarations.
src/components/proforma-invoices/proforma-invoice-form.tsx(248,35): error TS2339: Property 'unsubscribe' does not exist on type 'never'.
src/components/proforma-invoices/proforma-invoice-form.tsx(322,52): error TS2802: Type 'MapIterator<[string, any]>' can only be iterated through when using the '--downlevelIteration' flag or with a '--target' of 'es2015' or higher.
src/components/proforma-invoices/proforma-invoice-form.tsx(421,53): error TS2802: Type 'MapIterator<[string, any]>' can only be iterated through when using the '--downlevelIteration' flag or with a '--target' of 'es2015' or higher.
src/components/proforma-invoices/proforma-invoice-form.tsx(497,17): error TS17004: Cannot use JSX unless the '--jsx' flag is provided.
src/components/proforma-invoices/proforma-invoice-form.tsx(498,21): error TS17004: Cannot use JSX unless the '--jsx' flag is provided.
src/components/proforma-invoices/proforma-invoice-form.tsx(499,21): error TS17004: Cannot use JSX unless the '--jsx' flag is provided.
src/components/proforma-invoices/proforma-invoice-form.tsx(500,56): error TS17004: Cannot use JSX unless the '--jsx' flag is provided.
src/components/proforma-invoices/proforma-invoice-form.tsx(541,9): error TS17004: Cannot use JSX unless the '--jsx' flag is provided.
src/components/proforma-invoices/proforma-invoice-form.tsx(542,13): error TS17004: Cannot use JSX unless the '--jsx' flag is provided.
src/components/proforma-invoices/proforma-invoice-form.tsx(543,17): error TS17004: Cannot use JSX unless the '--jsx' flag is provided.
src/components/proforma-invoices/proforma-invoice-form.tsx(545,17): error TS17004: Cannot use JSX unless the '--jsx' flag is provided.
src/components/proforma-invoices/proforma-invoice-form.tsx(552,29): error TS17004: Cannot use JSX unless the '--jsx' flag is provided.
src/components/proforma-invoices/proforma-invoice-form.tsx(560,33): error TS17004: Cannot use JSX unless the '--jsx' flag is provided.
src/components/proforma-invoices/proforma-invoice-form.tsx(561,37): error TS17004: Cannot use JSX unless the '--jsx' flag is provided.
src/components/proforma-invoices/proforma-invoice-form.tsx(566,56): error TS17004: Cannot use JSX unless the '--jsx' flag is provided.
src/components/proforma-invoices/proforma-invoice-form.tsx(566,94): error TS17004: Cannot use JSX unless the '--jsx' flag is provided.
src/components/proforma-invoices/proforma-invoice-form.tsx(568,37): error TS17004: Cannot use JSX unless the '--jsx' flag is provided.
src/components/proforma-invoices/proforma-invoice-form.tsx(569,41): error TS17004: Cannot use JSX unless the '--jsx' flag is provided.
src/components/proforma-invoices/proforma-invoice-form.tsx(570,41): error TS17004: Cannot use JSX unless the '--jsx' flag is provided.
src/components/proforma-invoices/proforma-invoice-form.tsx(574,37): error TS17004: Cannot use JSX unless the '--jsx' flag is provided.
src/components/proforma-invoices/proforma-invoice-form.tsx(581,17): error TS17004: Cannot use JSX unless the '--jsx' flag is provided.
src/components/proforma-invoices/proforma-invoice-form.tsx(582,21): error TS17004: Cannot use JSX unless the '--jsx' flag is provided.
src/components/proforma-invoices/proforma-invoice-form.tsx(583,25): error TS17004: Cannot use JSX unless the '--jsx' flag is provided.
src/components/proforma-invoices/proforma-invoice-form.tsx(584,29): error TS17004: Cannot use JSX unless the '--jsx' flag is provided.
src/components/proforma-invoices/proforma-invoice-form.tsx(585,33): error TS17004: Cannot use JSX unless the '--jsx' flag is provided.
src/components/proforma-invoices/proforma-invoice-form.tsx(586,37): error TS17004: Cannot use JSX unless the '--jsx' flag is provided.
src/components/proforma-invoices/proforma-invoice-form.tsx(588,33): error TS17004: Cannot use JSX unless the '--jsx' flag is provided.
src/components/proforma-invoices/proforma-invoice-form.tsx(589,37): error TS17004: Cannot use JSX unless the '--jsx' flag is provided.
src/components/proforma-invoices/proforma-invoice-form.tsx(592,37): error TS17004: Cannot use JSX unless the '--jsx' flag is provided.
src/components/proforma-invoices/proforma-invoice-form.tsx(595,29): error TS17004: Cannot use JSX unless the '--jsx' flag is provided.
src/components/proforma-invoices/proforma-invoice-form.tsx(601,21): error TS17004: Cannot use JSX unless the '--jsx' flag is provided.
src/components/proforma-invoices/proforma-invoice-form.tsx(602,25): error TS17004: Cannot use JSX unless the '--jsx' flag is provided.
src/components/proforma-invoices/proforma-invoice-form.tsx(603,29): error TS17004: Cannot use JSX unless the '--jsx' flag is provided.
src/components/proforma-invoices/proforma-invoice-form.tsx(604,33): error TS17004: Cannot use JSX unless the '--jsx' flag is provided.
src/components/proforma-invoices/proforma-invoice-form.tsx(606,41): error TS17004: Cannot use JSX unless the '--jsx' flag is provided.
src/components/proforma-invoices/proforma-invoice-form.tsx(607,45): error TS17004: Cannot use JSX unless the '--jsx' flag is provided.
src/components/proforma-invoices/proforma-invoice-form.tsx(608,49): error TS17004: Cannot use JSX unless the '--jsx' flag is provided.
src/components/proforma-invoices/proforma-invoice-form.tsx(608,125): error TS17004: Cannot use JSX unless the '--jsx' flag is provided.
src/components/proforma-invoices/proforma-invoice-form.tsx(609,49): error TS17004: Cannot use JSX unless the '--jsx' flag is provided.
src/components/proforma-invoices/proforma-invoice-form.tsx(610,53): error TS17004: Cannot use JSX unless the '--jsx' flag is provided.
src/components/proforma-invoices/proforma-invoice-form.tsx(610,63): error TS17004: Cannot use JSX unless the '--jsx' flag is provided.
src/components/proforma-invoices/proforma-invoice-form.tsx(611,57): error TS17004: Cannot use JSX unless the '--jsx' flag is provided.
src/components/proforma-invoices/proforma-invoice-form.tsx(612,61): error TS17004: Cannot use JSX unless the '--jsx' flag is provided.
src/components/proforma-invoices/proforma-invoice-form.tsx(612,74): error TS17004: Cannot use JSX unless the '--jsx' flag is provided.
src/components/proforma-invoices/proforma-invoice-form.tsx(612,152): error TS17004: Cannot use JSX unless the '--jsx' flag is provided.
src/components/proforma-invoices/proforma-invoice-form.tsx(613,61): error TS17004: Cannot use JSX unless the '--jsx' flag is provided.
src/components/proforma-invoices/proforma-invoice-form.tsx(613,94): error TS17004: Cannot use JSX unless the '--jsx' flag is provided.
src/components/proforma-invoices/proforma-invoice-form.tsx(615,57): error TS17004: Cannot use JSX unless the '--jsx' flag is provided.
src/components/proforma-invoices/proforma-invoice-form.tsx(620,45): error TS17004: Cannot use JSX unless the '--jsx' flag is provided.
src/components/proforma-invoices/proforma-invoice-form.tsx(621,49): error TS17004: Cannot use JSX unless the '--jsx' flag is provided.
src/components/proforma-invoices/proforma-invoice-form.tsx(621,125): error TS17004: Cannot use JSX unless the '--jsx' flag is provided.
src/components/proforma-invoices/proforma-invoice-form.tsx(622,49): error TS17004: Cannot use JSX unless the '--jsx' flag is provided.
src/components/proforma-invoices/proforma-invoice-form.tsx(623,53): error TS17004: Cannot use JSX unless the '--jsx' flag is provided.
src/components/proforma-invoices/proforma-invoice-form.tsx(624,57): error TS17004: Cannot use JSX unless the '--jsx' flag is provided.
src/components/proforma-invoices/proforma-invoice-form.tsx(624,93): error TS17004: Cannot use JSX unless the '--jsx' flag is provided.
src/components/proforma-invoices/proforma-invoice-form.tsx(625,61): error TS17004: Cannot use JSX unless the '--jsx' flag is provided.
src/components/proforma-invoices/proforma-invoice-form.tsx(626,65): error TS17004: Cannot use JSX unless the '--jsx' flag is provided.
src/components/proforma-invoices/proforma-invoice-form.tsx(627,69): error TS17004: Cannot use JSX unless the '--jsx' flag is provided.
src/components/proforma-invoices/proforma-invoice-form.tsx(627,82): error TS17004: Cannot use JSX unless the '--jsx' flag is provided.
src/components/proforma-invoices/proforma-invoice-form.tsx(628,73): error TS17004: Cannot use JSX unless the '--jsx' flag is provided.
src/components/proforma-invoices/proforma-invoice-form.tsx(629,134): error TS17004: Cannot use JSX unless the '--jsx' flag is provided.
src/components/proforma-invoices/proforma-invoice-form.tsx(632,65): error TS17004: Cannot use JSX unless the '--jsx' flag is provided.
src/components/proforma-invoices/proforma-invoice-form.tsx(633,69): error TS17004: Cannot use JSX unless the '--jsx' flag is provided.
src/components/proforma-invoices/proforma-invoice-form.tsx(636,61): error TS17004: Cannot use JSX unless the '--jsx' flag is provided.
src/components/proforma-invoices/proforma-invoice-form.tsx(639,53): error TS17004: Cannot use JSX unless the '--jsx' flag is provided.
src/components/proforma-invoices/proforma-invoice-form.tsx(640,57): error TS17004: Cannot use JSX unless the '--jsx' flag is provided.
src/components/proforma-invoices/proforma-invoice-form.tsx(640,93): error TS17004: Cannot use JSX unless the '--jsx' flag is provided.
src/components/proforma-invoices/proforma-invoice-form.tsx(641,61): error TS17004: Cannot use JSX unless the '--jsx' flag is provided.
src/components/proforma-invoices/proforma-invoice-form.tsx(642,65): error TS17004: Cannot use JSX unless the '--jsx' flag is provided.
src/components/proforma-invoices/proforma-invoice-form.tsx(643,69): error TS17004: Cannot use JSX unless the '--jsx' flag is provided.
src/components/proforma-invoices/proforma-invoice-form.tsx(643,82): error TS17004: Cannot use JSX unless the '--jsx' flag is provided.
src/components/proforma-invoices/proforma-invoice-form.tsx(644,73): error TS17004: Cannot use JSX unless the '--jsx' flag is provided.
src/components/proforma-invoices/proforma-invoice-form.tsx(645,134): error TS17004: Cannot use JSX unless the '--jsx' flag is provided.
src/components/proforma-invoices/proforma-invoice-form.tsx(648,65): error TS17004: Cannot use JSX unless the '--jsx' flag is provided.
src/components/proforma-invoices/proforma-invoice-form.tsx(649,69): error TS17004: Cannot use JSX unless the '--jsx' flag is provided.
src/components/proforma-invoices/proforma-invoice-form.tsx(652,61): error TS17004: Cannot use JSX unless the '--jsx' flag is provided.
src/components/proforma-invoices/proforma-invoice-form.tsx(658,45): error TS17004: Cannot use JSX unless the '--jsx' flag is provided.
src/components/proforma-invoices/proforma-invoice-form.tsx(659,49): error TS17004: Cannot use JSX unless the '--jsx' flag is provided.
src/components/proforma-invoices/proforma-invoice-form.tsx(659,125): error TS17004: Cannot use JSX unless the '--jsx' flag is provided.
src/components/proforma-invoices/proforma-invoice-form.tsx(660,49): error TS17004: Cannot use JSX unless the '--jsx' flag is provided.
src/components/proforma-invoices/proforma-invoice-form.tsx(661,53): error TS17004: Cannot use JSX unless the '--jsx' flag is provided.
src/components/proforma-invoices/proforma-invoice-form.tsx(662,57): error TS17004: Cannot use JSX unless the '--jsx' flag is provided.
src/components/proforma-invoices/proforma-invoice-form.tsx(662,67): error TS17004: Cannot use JSX unless the '--jsx' flag is provided.
src/components/proforma-invoices/proforma-invoice-form.tsx(662,188): error TS17004: Cannot use JSX unless the '--jsx' flag is provided.
src/components/proforma-invoices/proforma-invoice-form.tsx(662,201): error TS17004: Cannot use JSX unless the '--jsx' flag is provided.
src/components/proforma-invoices/proforma-invoice-form.tsx(662,278): error TS17004: Cannot use JSX unless the '--jsx' flag is provided.
src/components/proforma-invoices/proforma-invoice-form.tsx(664,53): error TS17004: Cannot use JSX unless the '--jsx' flag is provided.
src/components/proforma-invoices/proforma-invoice-form.tsx(665,57): error TS17004: Cannot use JSX unless the '--jsx' flag is provided.
src/components/proforma-invoices/proforma-invoice-form.tsx(665,93): error TS17004: Cannot use JSX unless the '--jsx' flag is provided.
src/components/proforma-invoices/proforma-invoice-form.tsx(666,61): error TS17004: Cannot use JSX unless the '--jsx' flag is provided.
src/components/proforma-invoices/proforma-invoice-form.tsx(667,65): error TS17004: Cannot use JSX unless the '--jsx' flag is provided.
src/components/proforma-invoices/proforma-invoice-form.tsx(668,69): error TS17004: Cannot use JSX unless the '--jsx' flag is provided.
src/components/proforma-invoices/proforma-invoice-form.tsx(668,82): error TS17004: Cannot use JSX unless the '--jsx' flag is provided.
src/components/proforma-invoices/proforma-invoice-form.tsx(669,73): error TS17004: Cannot use JSX unless the '--jsx' flag is provided.
src/components/proforma-invoices/proforma-invoice-form.tsx(670,134): error TS17004: Cannot use JSX unless the '--jsx' flag is provided.
src/components/proforma-invoices/proforma-invoice-form.tsx(673,65): error TS17004: Cannot use JSX unless the '--jsx' flag is provided.
src/components/proforma-invoices/proforma-invoice-form.tsx(674,69): error TS17004: Cannot use JSX unless the '--jsx' flag is provided.
src/components/proforma-invoices/proforma-invoice-form.tsx(677,61): error TS17004: Cannot use JSX unless the '--jsx' flag is provided.
src/components/proforma-invoices/proforma-invoice-form.tsx(686,41): error TS17004: Cannot use JSX unless the '--jsx' flag is provided.
src/components/proforma-invoices/proforma-invoice-form.tsx(687,46): error TS17004: Cannot use JSX unless the '--jsx' flag is provided.
src/components/proforma-invoices/proforma-invoice-form.tsx(688,49): error TS17004: Cannot use JSX unless the '--jsx' flag is provided.
src/components/proforma-invoices/proforma-invoice-form.tsx(688,120): error TS17004: Cannot use JSX unless the '--jsx' flag is provided.
src/components/proforma-invoices/proforma-invoice-form.tsx(689,49): error TS17004: Cannot use JSX unless the '--jsx' flag is provided.
src/components/proforma-invoices/proforma-invoice-form.tsx(690,53): error TS17004: Cannot use JSX unless the '--jsx' flag is provided.
src/components/proforma-invoices/proforma-invoice-form.tsx(691,79): error TS17004: Cannot use JSX unless the '--jsx' flag is provided.
src/components/proforma-invoices/proforma-invoice-form.tsx(691,131): error TS17004: Cannot use JSX unless the '--jsx' flag is provided.
src/components/proforma-invoices/proforma-invoice-form.tsx(694,53): error TS17004: Cannot use JSX unless the '--jsx' flag is provided.
src/components/proforma-invoices/proforma-invoice-form.tsx(706,57): error TS17004: Cannot use JSX unless the '--jsx' flag is provided.
src/components/proforma-invoices/proforma-invoice-form.tsx(710,45): error TS17004: Cannot use JSX unless the '--jsx' flag is provided.
src/components/proforma-invoices/proforma-invoice-form.tsx(711,49): error TS17004: Cannot use JSX unless the '--jsx' flag is provided.
src/components/proforma-invoices/proforma-invoice-form.tsx(712,53): error TS17004: Cannot use JSX unless the '--jsx' flag is provided.
src/components/proforma-invoices/proforma-invoice-form.tsx(713,57): error TS17004: Cannot use JSX unless the '--jsx' flag is provided.
src/components/proforma-invoices/proforma-invoice-form.tsx(714,61): error TS17004: Cannot use JSX unless the '--jsx' flag is provided.
src/components/proforma-invoices/proforma-invoice-form.tsx(715,61): error TS17004: Cannot use JSX unless the '--jsx' flag is provided.
src/components/proforma-invoices/proforma-invoice-form.tsx(716,61): error TS17004: Cannot use JSX unless the '--jsx' flag is provided.
src/components/proforma-invoices/proforma-invoice-form.tsx(717,61): error TS17004: Cannot use JSX unless the '--jsx' flag is provided.
src/components/proforma-invoices/proforma-invoice-form.tsx(718,61): error TS17004: Cannot use JSX unless the '--jsx' flag is provided.
src/components/proforma-invoices/proforma-invoice-form.tsx(719,61): error TS17004: Cannot use JSX unless the '--jsx' flag is provided.
src/components/proforma-invoices/proforma-invoice-form.tsx(720,61): error TS17004: Cannot use JSX unless the '--jsx' flag is provided.
src/components/proforma-invoices/proforma-invoice-form.tsx(721,61): error TS17004: Cannot use JSX unless the '--jsx' flag is provided.
src/components/proforma-invoices/proforma-invoice-form.tsx(724,53): error TS17004: Cannot use JSX unless the '--jsx' flag is provided.
src/components/proforma-invoices/proforma-invoice-form.tsx(732,65): error TS17004: Cannot use JSX unless the '--jsx' flag is provided.
src/components/proforma-invoices/proforma-invoice-form.tsx(736,69): error TS17004: Cannot use JSX unless the '--jsx' flag is provided.
src/components/proforma-invoices/proforma-invoice-form.tsx(737,73): error TS17004: Cannot use JSX unless the '--jsx' flag is provided.
src/components/proforma-invoices/proforma-invoice-form.tsx(738,77): error TS17004: Cannot use JSX unless the '--jsx' flag is provided.
src/components/proforma-invoices/proforma-invoice-form.tsx(739,81): error TS17004: Cannot use JSX unless the '--jsx' flag is provided.
src/components/proforma-invoices/proforma-invoice-form.tsx(740,85): error TS17004: Cannot use JSX unless the '--jsx' flag is provided.
src/components/proforma-invoices/proforma-invoice-form.tsx(740,98): error TS17004: Cannot use JSX unless the '--jsx' flag is provided.
src/components/proforma-invoices/proforma-invoice-form.tsx(740,214): error TS17004: Cannot use JSX unless the '--jsx' flag is provided.
src/components/proforma-invoices/proforma-invoice-form.tsx(741,85): error TS17004: Cannot use JSX unless the '--jsx' flag is provided.
src/components/proforma-invoices/proforma-invoice-form.tsx(742,89): error TS17004: Cannot use JSX unless the '--jsx' flag is provided.
src/components/proforma-invoices/proforma-invoice-form.tsx(743,89): error TS17004: Cannot use JSX unless the '--jsx' flag is provided.
src/components/proforma-invoices/proforma-invoice-form.tsx(744,89): error TS17004: Cannot use JSX unless the '--jsx' flag is provided.
src/components/proforma-invoices/proforma-invoice-form.tsx(750,69): error TS17004: Cannot use JSX unless the '--jsx' flag is provided.
src/components/proforma-invoices/proforma-invoice-form.tsx(752,77): error TS17004: Cannot use JSX unless the '--jsx' flag is provided.
src/components/proforma-invoices/proforma-invoice-form.tsx(753,81): error TS17004: Cannot use JSX unless the '--jsx' flag is provided.
src/components/proforma-invoices/proforma-invoice-form.tsx(754,85): error TS17004: Cannot use JSX unless the '--jsx' flag is provided.
src/components/proforma-invoices/proforma-invoice-form.tsx(755,89): error TS17004: Cannot use JSX unless the '--jsx' flag is provided.
src/components/proforma-invoices/proforma-invoice-form.tsx(755,102): error TS17004: Cannot use JSX unless the '--jsx' flag is provided.
src/components/proforma-invoices/proforma-invoice-form.tsx(755,189): error TS17004: Cannot use JSX unless the '--jsx' flag is provided.
src/components/proforma-invoices/proforma-invoice-form.tsx(756,89): error TS17004: Cannot use JSX unless the '--jsx' flag is provided.
src/components/proforma-invoices/proforma-invoice-form.tsx(757,114): error TS17004: Cannot use JSX unless the '--jsx' flag is provided.
src/components/proforma-invoices/proforma-invoice-form.tsx(764,77): error TS17004: Cannot use JSX unless the '--jsx' flag is provided.
src/components/proforma-invoices/proforma-invoice-form.tsx(765,81): error TS17004: Cannot use JSX unless the '--jsx' flag is provided.
src/components/proforma-invoices/proforma-invoice-form.tsx(766,85): error TS17004: Cannot use JSX unless the '--jsx' flag is provided.
src/components/proforma-invoices/proforma-invoice-form.tsx(767,89): error TS17004: Cannot use JSX unless the '--jsx' flag is provided.
src/components/proforma-invoices/proforma-invoice-form.tsx(767,102): error TS17004: Cannot use JSX unless the '--jsx' flag is provided.
src/components/proforma-invoices/proforma-invoice-form.tsx(767,189): error TS17004: Cannot use JSX unless the '--jsx' flag is provided.
src/components/proforma-invoices/proforma-invoice-form.tsx(768,89): error TS17004: Cannot use JSX unless the '--jsx' flag is provided.
src/components/proforma-invoices/proforma-invoice-form.tsx(769,113): error TS17004: Cannot use JSX unless the '--jsx' flag is provided.
src/components/proforma-invoices/proforma-invoice-form.tsx(776,77): error TS17004: Cannot use JSX unless the '--jsx' flag is provided.
src/components/proforma-invoices/proforma-invoice-form.tsx(777,81): error TS17004: Cannot use JSX unless the '--jsx' flag is provided.
src/components/proforma-invoices/proforma-invoice-form.tsx(781,69): error TS17004: Cannot use JSX unless the '--jsx' flag is provided.
src/components/proforma-invoices/proforma-invoice-form.tsx(782,73): error TS17004: Cannot use JSX unless the '--jsx' flag is provided.
src/components/proforma-invoices/proforma-invoice-form.tsx(783,77): error TS17004: Cannot use JSX unless the '--jsx' flag is provided.
src/components/proforma-invoices/proforma-invoice-form.tsx(784,81): error TS17004: Cannot use JSX unless the '--jsx' flag is provided.
src/components/proforma-invoices/proforma-invoice-form.tsx(785,85): error TS17004: Cannot use JSX unless the '--jsx' flag is provided.
src/components/proforma-invoices/proforma-invoice-form.tsx(786,89): error TS17004: Cannot use JSX unless the '--jsx' flag is provided.
src/components/proforma-invoices/proforma-invoice-form.tsx(786,102): error TS17004: Cannot use JSX unless the '--jsx' flag is provided.
src/components/proforma-invoices/proforma-invoice-form.tsx(787,93): error TS17004: Cannot use JSX unless the '--jsx' flag is provided.
src/components/proforma-invoices/proforma-invoice-form.tsx(788,188): error TS17004: Cannot use JSX unless the '--jsx' flag is provided.
src/components/proforma-invoices/proforma-invoice-form.tsx(791,85): error TS17004: Cannot use JSX unless the '--jsx' flag is provided.
src/components/proforma-invoices/proforma-invoice-form.tsx(792,89): error TS17004: Cannot use JSX unless the '--jsx' flag is provided.
src/components/proforma-invoices/proforma-invoice-form.tsx(809,69): error TS17004: Cannot use JSX unless the '--jsx' flag is provided.
src/components/proforma-invoices/proforma-invoice-form.tsx(810,73): error TS17004: Cannot use JSX unless the '--jsx' flag is provided.
src/components/proforma-invoices/proforma-invoice-form.tsx(811,77): error TS17004: Cannot use JSX unless the '--jsx' flag is provided.
src/components/proforma-invoices/proforma-invoice-form.tsx(812,81): error TS17004: Cannot use JSX unless the '--jsx' flag is provided.
src/components/proforma-invoices/proforma-invoice-form.tsx(812,94): error TS17004: Cannot use JSX unless the '--jsx' flag is provided.
src/components/proforma-invoices/proforma-invoice-form.tsx(813,81): error TS17004: Cannot use JSX unless the '--jsx' flag is provided.
src/components/proforma-invoices/proforma-invoice-form.tsx(817,69): error TS17004: Cannot use JSX unless the '--jsx' flag is provided.
src/components/proforma-invoices/proforma-invoice-form.tsx(818,73): error TS17004: Cannot use JSX unless the '--jsx' flag is provided.
src/components/proforma-invoices/proforma-invoice-form.tsx(819,77): error TS17004: Cannot use JSX unless the '--jsx' flag is provided.
src/components/proforma-invoices/proforma-invoice-form.tsx(820,81): error TS17004: Cannot use JSX unless the '--jsx' flag is provided.
src/components/proforma-invoices/proforma-invoice-form.tsx(820,94): error TS17004: Cannot use JSX unless the '--jsx' flag is provided.
src/components/proforma-invoices/proforma-invoice-form.tsx(821,81): error TS17004: Cannot use JSX unless the '--jsx' flag is provided.
src/components/proforma-invoices/proforma-invoice-form.tsx(825,69): error TS17004: Cannot use JSX unless the '--jsx' flag is provided.
src/components/proforma-invoices/proforma-invoice-form.tsx(826,73): error TS17004: Cannot use JSX unless the '--jsx' flag is provided.
src/components/proforma-invoices/proforma-invoice-form.tsx(827,77): error TS17004: Cannot use JSX unless the '--jsx' flag is provided.
src/components/proforma-invoices/proforma-invoice-form.tsx(828,81): error TS17004: Cannot use JSX unless the '--jsx' flag is provided.
src/components/proforma-invoices/proforma-invoice-form.tsx(828,94): error TS17004: Cannot use JSX unless the '--jsx' flag is provided.
src/components/proforma-invoices/proforma-invoice-form.tsx(829,81): error TS17004: Cannot use JSX unless the '--jsx' flag is provided.
src/components/proforma-invoices/proforma-invoice-form.tsx(833,69): error TS17004: Cannot use JSX unless the '--jsx' flag is provided.
src/components/proforma-invoices/proforma-invoice-form.tsx(834,73): error TS17004: Cannot use JSX unless the '--jsx' flag is provided.
src/components/proforma-invoices/proforma-invoice-form.tsx(836,69): error TS17004: Cannot use JSX unless the '--jsx' flag is provided.
src/components/proforma-invoices/proforma-invoice-form.tsx(837,73): error TS17004: Cannot use JSX unless the '--jsx' flag is provided.
src/components/proforma-invoices/proforma-invoice-form.tsx(839,81): error TS17004: Cannot use JSX unless the '--jsx' flag is provided.
src/components/proforma-invoices/proforma-invoice-form.tsx(840,85): error TS17004: Cannot use JSX unless the '--jsx' flag is provided.
src/components/proforma-invoices/proforma-invoice-form.tsx(841,89): error TS17004: Cannot use JSX unless the '--jsx' flag is provided.
src/components/proforma-invoices/proforma-invoice-form.tsx(842,89): error TS17004: Cannot use JSX unless the '--jsx' flag is provided.
src/components/proforma-invoices/proforma-invoice-form.tsx(844,85): error TS17004: Cannot use JSX unless the '--jsx' flag is provided.
src/components/proforma-invoices/proforma-invoice-form.tsx(857,89): error TS17004: Cannot use JSX unless the '--jsx' flag is provided.
src/components/proforma-invoices/proforma-invoice-form.tsx(861,81): error TS17004: Cannot use JSX unless the '--jsx' flag is provided.
src/components/proforma-invoices/proforma-invoice-form.tsx(862,85): error TS17004: Cannot use JSX unless the '--jsx' flag is provided.
src/components/proforma-invoices/proforma-invoice-form.tsx(871,111): error TS17004: Cannot use JSX unless the '--jsx' flag is provided.
src/components/proforma-invoices/proforma-invoice-form.tsx(871,158): error TS17004: Cannot use JSX unless the '--jsx' flag is provided.
src/components/proforma-invoices/proforma-invoice-form.tsx(874,85): error TS17004: Cannot use JSX unless the '--jsx' flag is provided.
src/components/proforma-invoices/proforma-invoice-form.tsx(882,89): error TS17004: Cannot use JSX unless the '--jsx' flag is provided.
src/components/proforma-invoices/proforma-invoice-form.tsx(898,41): error TS17004: Cannot use JSX unless the '--jsx' flag is provided.
src/components/proforma-invoices/proforma-invoice-form.tsx(899,45): error TS17004: Cannot use JSX unless the '--jsx' flag is provided.
src/components/proforma-invoices/proforma-invoice-form.tsx(900,49): error TS17004: Cannot use JSX unless the '--jsx' flag is provided.
src/components/proforma-invoices/proforma-invoice-form.tsx(901,53): error TS17004: Cannot use JSX unless the '--jsx' flag is provided.
src/components/proforma-invoices/proforma-invoice-form.tsx(901,63): error TS17004: Cannot use JSX unless the '--jsx' flag is provided.
src/components/proforma-invoices/proforma-invoice-form.tsx(901,126): error TS17004: Cannot use JSX unless the '--jsx' flag is provided.
src/components/proforma-invoices/proforma-invoice-form.tsx(901,139): error TS17004: Cannot use JSX unless the '--jsx' flag is provided.
src/components/proforma-invoices/proforma-invoice-form.tsx(901,266): error TS17004: Cannot use JSX unless the '--jsx' flag is provided.
src/components/proforma-invoices/proforma-invoice-form.tsx(903,49): error TS17004: Cannot use JSX unless the '--jsx' flag is provided.
src/components/proforma-invoices/proforma-invoice-form.tsx(904,53): error TS17004: Cannot use JSX unless the '--jsx' flag is provided.
src/components/proforma-invoices/proforma-invoice-form.tsx(904,63): error TS17004: Cannot use JSX unless the '--jsx' flag is provided.
src/components/proforma-invoices/proforma-invoice-form.tsx(904,127): error TS17004: Cannot use JSX unless the '--jsx' flag is provided.
src/components/proforma-invoices/proforma-invoice-form.tsx(904,140): error TS17004: Cannot use JSX unless the '--jsx' flag is provided.
src/components/proforma-invoices/proforma-invoice-form.tsx(904,267): error TS17004: Cannot use JSX unless the '--jsx' flag is provided.
src/components/proforma-invoices/proforma-invoice-form.tsx(906,49): error TS17004: Cannot use JSX unless the '--jsx' flag is provided.
src/components/proforma-invoices/proforma-invoice-form.tsx(907,53): error TS17004: Cannot use JSX unless the '--jsx' flag is provided.
src/components/proforma-invoices/proforma-invoice-form.tsx(907,63): error TS17004: Cannot use JSX unless the '--jsx' flag is provided.
src/components/proforma-invoices/proforma-invoice-form.tsx(908,57): error TS17004: Cannot use JSX unless the '--jsx' flag is provided.
src/components/proforma-invoices/proforma-invoice-form.tsx(909,61): error TS17004: Cannot use JSX unless the '--jsx' flag is provided.
src/components/proforma-invoices/proforma-invoice-form.tsx(909,74): error TS17004: Cannot use JSX unless the '--jsx' flag is provided.
src/components/proforma-invoices/proforma-invoice-form.tsx(909,106): error TS17004: Cannot use JSX unless the '--jsx' flag is provided.
src/components/proforma-invoices/proforma-invoice-form.tsx(910,61): error TS17004: Cannot use JSX unless the '--jsx' flag is provided.
src/components/proforma-invoices/proforma-invoice-form.tsx(911,65): error TS17004: Cannot use JSX unless the '--jsx' flag is provided.
src/components/proforma-invoices/proforma-invoice-form.tsx(912,65): error TS17004: Cannot use JSX unless the '--jsx' flag is provided.
src/components/proforma-invoices/proforma-invoice-form.tsx(915,57): error TS17004: Cannot use JSX unless the '--jsx' flag is provided.
src/components/proforma-invoices/proforma-invoice-form.tsx(920,45): error TS17004: Cannot use JSX unless the '--jsx' flag is provided.
src/components/proforma-invoices/proforma-invoice-form.tsx(921,49): error TS17004: Cannot use JSX unless the '--jsx' flag is provided.
src/components/proforma-invoices/proforma-invoice-form.tsx(922,53): error TS17004: Cannot use JSX unless the '--jsx' flag is provided.
src/components/proforma-invoices/proforma-invoice-form.tsx(923,57): error TS17004: Cannot use JSX unless the '--jsx' flag is provided.
src/components/proforma-invoices/proforma-invoice-form.tsx(924,61): error TS17004: Cannot use JSX unless the '--jsx' flag is provided.
src/components/proforma-invoices/proforma-invoice-form.tsx(924,131): error TS17004: Cannot use JSX unless the '--jsx' flag is provided.
src/components/proforma-invoices/proforma-invoice-form.tsx(925,61): error TS17004: Cannot use JSX unless the '--jsx' flag is provided.
src/components/proforma-invoices/proforma-invoice-form.tsx(926,65): error TS17004: Cannot use JSX unless the '--jsx' flag is provided.
src/components/proforma-invoices/proforma-invoice-form.tsx(929,57): error TS17004: Cannot use JSX unless the '--jsx' flag is provided.
src/components/proforma-invoices/proforma-invoice-form.tsx(930,61): error TS17004: Cannot use JSX unless the '--jsx' flag is provided.
src/components/proforma-invoices/proforma-invoice-form.tsx(936,57): error TS17004: Cannot use JSX unless the '--jsx' flag is provided.
src/components/proforma-invoices/proforma-invoice-form.tsx(944,41): error TS17004: Cannot use JSX unless the '--jsx' flag is provided.
src/components/proforma-invoices/proforma-invoice-form.tsx(945,45): error TS17004: Cannot use JSX unless the '--jsx' flag is provided.
src/components/proforma-invoices/proforma-invoice-form.tsx(946,49): error TS17004: Cannot use JSX unless the '--jsx' flag is provided.
src/components/proforma-invoices/proforma-invoice-form.tsx(948,45): error TS17004: Cannot use JSX unless the '--jsx' flag is provided.
src/components/proforma-invoices/proforma-invoice-form.tsx(949,45): error TS17004: Cannot use JSX unless the '--jsx' flag is provided.
src/components/proforma-invoices/proforma-invoice-form.tsx(954,33): error TS17004: Cannot use JSX unless the '--jsx' flag is provided.
src/components/proforma-invoices/proforma-invoice-form.tsx(955,37): error TS17004: Cannot use JSX unless the '--jsx' flag is provided.
src/components/proforma-invoices/proforma-invoice-form.tsx(956,41): error TS17004: Cannot use JSX unless the '--jsx' flag is provided.
src/components/proforma-invoices/proforma-invoice-form.tsx(959,41): error TS17004: Cannot use JSX unless the '--jsx' flag is provided.
src/components/proforma-invoices/proforma-invoice-form.tsx(960,53): error TS17004: Cannot use JSX unless the '--jsx' flag is provided.
src/components/proforma-invoices/proforma-invoice-form.tsx(963,41): error TS17004: Cannot use JSX unless the '--jsx' flag is provided.
src/components/proforma-invoices/proforma-invoice-form.tsx(964,61): error TS17004: Cannot use JSX unless the '--jsx' flag is provided.
src/components/proforma-invoices/proforma-invoice-form.tsx(964,63): error TS17004: Cannot use JSX unless the '--jsx' flag is provided.
src/components/proforma-invoices/proforma-invoice-form.tsx(964,132): error TS17004: Cannot use JSX unless the '--jsx' flag is provided.
src/components/proforma-invoices/proforma-invoice-form.tsx(964,134): error TS17004: Cannot use JSX unless the '--jsx' flag is provided.
src/components/proforma-invoices/proforma-invoice-form.tsx(975,13): error TS17004: Cannot use JSX unless the '--jsx' flag is provided.
src/components/proforma-invoices/proforma-invoice-form.tsx(976,17): error TS17004: Cannot use JSX unless the '--jsx' flag is provided.
src/components/proforma-invoices/proforma-invoice-form.tsx(977,21): error TS17004: Cannot use JSX unless the '--jsx' flag is provided.
src/components/proforma-invoices/proforma-invoice-form.tsx(978,25): error TS17004: Cannot use JSX unless the '--jsx' flag is provided.
src/components/proforma-invoices/proforma-invoice-form.tsx(979,25): error TS17004: Cannot use JSX unless the '--jsx' flag is provided.
src/components/proforma-invoices/proforma-invoice-form.tsx(980,25): error TS17004: Cannot use JSX unless the '--jsx' flag is provided.
src/components/proforma-invoices/proforma-invoice-form.tsx(982,21): error TS17004: Cannot use JSX unless the '--jsx' flag is provided.
src/components/proforma-invoices/proforma-invoice-form.tsx(983,25): error TS17004: Cannot use JSX unless the '--jsx' flag is provided.
src/components/proforma-invoices/proforma-invoice-form.tsx(985,33): error TS17004: Cannot use JSX unless the '--jsx' flag is provided.
src/components/proforma-invoices/proforma-invoice-form.tsx(986,37): error TS17004: Cannot use JSX unless the '--jsx' flag is provided.
src/components/proforma-invoices/proforma-invoice-form.tsx(987,37): error TS17004: Cannot use JSX unless the '--jsx' flag is provided.
src/components/proforma-invoices/proforma-invoice-form.tsx(987,109): error TS17004: Cannot use JSX unless the '--jsx' flag is provided.
src/components/proforma-invoices/proforma-invoice-form.tsx(990,33): error TS17004: Cannot use JSX unless the '--jsx' flag is provided.
src/components/proforma-invoices/proforma-invoice-form.tsx(991,37): error TS17004: Cannot use JSX unless the '--jsx' flag is provided.
src/components/proforma-invoices/proforma-invoice-form.tsx(992,37): error TS17004: Cannot use JSX unless the '--jsx' flag is provided.
src/components/proforma-invoices/proforma-invoice-form.tsx(996,29): error TS17004: Cannot use JSX unless the '--jsx' flag is provided.
src/components/proforma-invoices/proforma-invoice-form.tsx(997,33): error TS17004: Cannot use JSX unless the '--jsx' flag is provided.
src/components/proforma-invoices/proforma-invoice-form.tsx(998,37): error TS17004: Cannot use JSX unless the '--jsx' flag is provided.
src/components/proforma-invoices/proforma-invoice-form.tsx(999,37): error TS17004: Cannot use JSX unless the '--jsx' flag is provided.
src/components/proforma-invoices/proforma-invoice-form.tsx(1002,37): error TS17004: Cannot use JSX unless the '--jsx' flag is provided.
src/components/proforma-invoices/proforma-invoice-form.tsx(1003,41): error TS17004: Cannot use JSX unless the '--jsx' flag is provided.
src/components/proforma-invoices/proforma-invoice-form.tsx(1004,41): error TS17004: Cannot use JSX unless the '--jsx' flag is provided.
src/components/proforma-invoices/proforma-invoice-form.tsx(1007,33): error TS17004: Cannot use JSX unless the '--jsx' flag is provided.
src/components/proforma-invoices/proforma-invoice-form.tsx(1008,37): error TS17004: Cannot use JSX unless the '--jsx' flag is provided.
src/components/proforma-invoices/proforma-invoice-form.tsx(1009,37): error TS17004: Cannot use JSX unless the '--jsx' flag is provided.
src/components/proforma-invoices/proforma-invoice-form.tsx(1011,33): error TS17004: Cannot use JSX unless the '--jsx' flag is provided.
src/components/proforma-invoices/proforma-invoice-form.tsx(1012,37): error TS17004: Cannot use JSX unless the '--jsx' flag is provided.
src/components/proforma-invoices/proforma-invoice-form.tsx(1013,37): error TS17004: Cannot use JSX unless the '--jsx' flag is provided.
src/components/proforma-invoices/proforma-invoice-form.tsx(1017,29): error TS17004: Cannot use JSX unless the '--jsx' flag is provided.
src/components/proforma-invoices/proforma-invoice-form.tsx(1018,33): error TS17004: Cannot use JSX unless the '--jsx' flag is provided.
src/components/proforma-invoices/proforma-invoice-form.tsx(1019,33): error TS17004: Cannot use JSX unless the '--jsx' flag is provided.
src/components/proforma-invoices/proforma-invoice-form.tsx(1020,33): error TS17004: Cannot use JSX unless the '--jsx' flag is provided.
src/components/proforma-invoices/proforma-invoice-form.tsx(1021,37): error TS17004: Cannot use JSX unless the '--jsx' flag is provided.
src/components/proforma-invoices/proforma-invoice-form.tsx(1022,41): error TS17004: Cannot use JSX unless the '--jsx' flag is provided.
src/components/proforma-invoices/proforma-invoice-form.tsx(1023,41): error TS17004: Cannot use JSX unless the '--jsx' flag is provided.
src/components/proforma-invoices/proforma-invoice-form.tsx(1025,37): error TS17004: Cannot use JSX unless the '--jsx' flag is provided.
src/components/proforma-invoices/proforma-invoice-form.tsx(1026,41): error TS17004: Cannot use JSX unless the '--jsx' flag is provided.
src/components/proforma-invoices/proforma-invoice-form.tsx(1027,41): error TS17004: Cannot use JSX unless the '--jsx' flag is provided.
src/components/proforma-invoices/proforma-invoice-form.tsx(1032,29): error TS17004: Cannot use JSX unless the '--jsx' flag is provided.
src/components/proforma-invoices/proforma-invoice-form.tsx(1033,33): error TS17004: Cannot use JSX unless the '--jsx' flag is provided.
src/components/proforma-invoices/proforma-invoice-form.tsx(1033,153): error TS17004: Cannot use JSX unless the '--jsx' flag is provided.
src/components/proforma-invoices/proforma-invoice-form.tsx(1035,37): error TS17004: Cannot use JSX unless the '--jsx' flag is provided.
src/components/proforma-invoices/proforma-invoice-form.tsx(1035,198): error TS17004: Cannot use JSX unless the '--jsx' flag is provided.
src/components/proforma-invoices/proforma-invoice-form.tsx(1045,13): error TS17004: Cannot use JSX unless the '--jsx' flag is provided.
src/components/proforma-invoices/proforma-invoice-form.tsx(1046,17): error TS17004: Cannot use JSX unless the '--jsx' flag is provided.
src/components/proforma-invoices/proforma-invoice-form.tsx(1047,21): error TS17004: Cannot use JSX unless the '--jsx' flag is provided.
src/components/proforma-invoices/proforma-invoice-form.tsx(1048,25): error TS17004: Cannot use JSX unless the '--jsx' flag is provided.
src/components/proforma-invoices/proforma-invoice-form.tsx(1049,25): error TS17004: Cannot use JSX unless the '--jsx' flag is provided.
src/components/proforma-invoices/proforma-invoice-form.tsx(1050,25): error TS17004: Cannot use JSX unless the '--jsx' flag is provided.
src/components/proforma-invoices/proforma-invoice-form.tsx(1052,21): error TS17004: Cannot use JSX unless the '--jsx' flag is provided.
src/components/proforma-invoices/proforma-invoice-form.tsx(1054,29): error TS17004: Cannot use JSX unless the '--jsx' flag is provided.
src/components/proforma-invoices/proforma-invoice-form.tsx(1062,33): error TS17004: Cannot use JSX unless the '--jsx' flag is provided.
src/components/proforma-invoices/proforma-invoice-form.tsx(1063,37): error TS17004: Cannot use JSX unless the '--jsx' flag is provided.
src/components/proforma-invoices/proforma-invoice-form.tsx(1064,37): error TS17004: Cannot use JSX unless the '--jsx' flag is provided.
src/components/proforma-invoices/proforma-invoice-form.tsx(1066,33): error TS17004: Cannot use JSX unless the '--jsx' flag is provided.
src/components/proforma-invoices/proforma-invoice-form.tsx(1067,86): error TS17004: Cannot use JSX unless the '--jsx' flag is provided.
src/components/proforma-invoices/proforma-invoice-form.tsx(1072,21): error TS17004: Cannot use JSX unless the '--jsx' flag is provided.
src/components/proforma-invoices/proforma-invoice-form.tsx(1073,25): error TS17004: Cannot use JSX unless the '--jsx' flag is provided.
src/components/proforma-invoices/proforma-invoice-form.tsx(1073,46): error TS17004: Cannot use JSX unless the '--jsx' flag is provided.
src/components/proforma-invoices/proforma-invoice-form.tsx(1074,25): error TS17004: Cannot use JSX unless the '--jsx' flag is provided.
